injects application properties spring-container:
  1: |
    containers:
      - env:
          - name: SPRING_CONFIG_ADDITIONAL_LOCATION
            value: optional:/app/config/*/
          - name: SPRING_PROFILES_ACTIVE
            value: profile1, profile2, profile3, profile4
        image: goatfryed/spring-boot-echo:latest
        imagePullPolicy: IfNotPresent
        name: spring-boot
        ports:
          - containerPort: 8080
            name: http
            protocol: TCP
          - containerPort: 8080
            name: http-management
            protocol: TCP
        resources: {}
        securityContext: {}
        volumeMounts:
          - mountPath: /app/config/helm-config
            name: helm-application-properties
            readOnly: true
          - mountPath: /app/config/config-map/application-profile3.properties
            name: user-application-properties-profile3
            readOnly: true
            subPath: my-key
          - mountPath: /app/config/config-map/application-profile4.yaml
            name: user-application-properties-profile4
            readOnly: true
            subPath: app.yml
    securityContext: {}
    serviceAccountName: RELEASE-NAME-spring-boot
    volumes:
      - configMap:
          name: RELEASE-NAME-spring-boot-app-config
        name: helm-application-properties
      - configMap:
          name: user-defined-config-map
        name: user-application-properties-profile3
      - name: user-application-properties-profile4
        secret:
          secretName: user-defined-config-map
  2: |
    apiVersion: v1
    data:
      application-profile1.yaml: |
        server:
          port: 8080
      application-profile2.yaml: |
        logging:
          level:
            org.springframework: error
            com.example.myapp: debug
    kind: ConfigMap
    metadata:
      name: RELEASE-NAME-spring-boot-app-config
mounts configuration values:
  1: |
    containers:
      - env:
          - name: SPRING_CONFIG_ADDITIONAL_LOCATION
            value: optional:/app/config/*/
          - name: SPRING_PROFILES_ACTIVE
            value: userConfig
        image: goatfryed/spring-boot-echo:latest
        imagePullPolicy: IfNotPresent
        name: spring-boot
        ports:
          - containerPort: 8080
            name: http
            protocol: TCP
          - containerPort: 8080
            name: http-management
            protocol: TCP
        resources: {}
        securityContext: {}
        volumeMounts:
          - mountPath: /app/config/helm-config
            name: helm-application-properties
            readOnly: true
    securityContext: {}
    serviceAccountName: RELEASE-NAME-spring-boot
    volumes:
      - configMap:
          name: RELEASE-NAME-spring-boot-app-config
        name: helm-application-properties
mounts referenced configMaps:
  1: |
    containers:
      - env:
          - name: SPRING_CONFIG_ADDITIONAL_LOCATION
            value: optional:/app/config/*/
          - name: SPRING_PROFILES_ACTIVE
            value: userConfig
        image: goatfryed/spring-boot-echo:latest
        imagePullPolicy: IfNotPresent
        name: spring-boot
        ports:
          - containerPort: 8080
            name: http
            protocol: TCP
          - containerPort: 8080
            name: http-management
            protocol: TCP
        resources: {}
        securityContext: {}
        volumeMounts:
          - mountPath: /app/config/helm-config
            name: helm-application-properties
            readOnly: true
          - mountPath: /app/config/config-map/application-userConfig.yaml
            name: user-application-properties-userConfig
            readOnly: true
            subPath: application.yaml
    securityContext: {}
    serviceAccountName: RELEASE-NAME-spring-boot
    volumes:
      - configMap:
          name: RELEASE-NAME-spring-boot-app-config
        name: helm-application-properties
      - configMap:
          name: user-defined-config-map
        name: user-application-properties-userConfig
mounts referenced secrets:
  1: |
    containers:
      - env:
          - name: SPRING_CONFIG_ADDITIONAL_LOCATION
            value: optional:/app/config/*/
          - name: SPRING_PROFILES_ACTIVE
            value: userConfig
        image: goatfryed/spring-boot-echo:latest
        imagePullPolicy: IfNotPresent
        name: spring-boot
        ports:
          - containerPort: 8080
            name: http
            protocol: TCP
          - containerPort: 8080
            name: http-management
            protocol: TCP
        resources: {}
        securityContext: {}
        volumeMounts:
          - mountPath: /app/config/helm-config
            name: helm-application-properties
            readOnly: true
          - mountPath: /app/config/config-map/application-userConfig.yaml
            name: user-application-properties-userConfig
            readOnly: true
            subPath: application.yaml
    securityContext: {}
    serviceAccountName: RELEASE-NAME-spring-boot
    volumes:
      - configMap:
          name: RELEASE-NAME-spring-boot-app-config
        name: helm-application-properties
      - name: user-application-properties-userConfig
        secret:
          secretName: user-defined-secret
