adds health checks only if explicitly activated:
  1: |
    containers:
      - command:
          - sh
          - -c
          - trap "exit 0" SIGTERM SIGINT; tail -f /dev/null & wait
        env:
          - name: SPRING_APPLICATION_NAME
            value: RELEASE-NAME
          - name: SPRING_CONFIG_ADDITIONAL_LOCATION
            value: optional:/app/config/*/
          - name: SERVER_PORT
            value: "8080"
          - name: MANAGEMENT_SERVER_PORT
            value: "8080"
        image: goatfryed/spring-boot-echo:latest
        imagePullPolicy: IfNotPresent
        name: spring-boot
        ports:
          - containerPort: 8080
            name: http
            protocol: TCP
          - containerPort: 8080
            name: http-management
            protocol: TCP
        resources: {}
        securityContext: {}
        volumeMounts:
          - mountPath: /app/config/helm-config
            name: helm-application-properties
            readOnly: true
    securityContext: {}
    serviceAccountName: RELEASE-NAME-spring-boot
    volumes:
      - configMap:
          name: RELEASE-NAME-spring-boot-app-config
        name: helm-application-properties
overrides profiles:
  1: |
    containers:
      - env:
          - name: SPRING_PROFILES_ACTIVE
            value: debug, profile2
          - name: SPRING_APPLICATION_NAME
            value: RELEASE-NAME
          - name: SPRING_CONFIG_ADDITIONAL_LOCATION
            value: optional:/app/config/*/
          - name: SERVER_PORT
            value: "8080"
          - name: MANAGEMENT_SERVER_PORT
            value: "8080"
        image: goatfryed/spring-boot-echo:latest
        imagePullPolicy: IfNotPresent
        name: spring-boot
        ports:
          - containerPort: 8080
            name: http
            protocol: TCP
          - containerPort: 8080
            name: http-management
            protocol: TCP
        resources: {}
        securityContext: {}
        volumeMounts:
          - mountPath: /app/config/helm-config
            name: helm-application-properties
            readOnly: true
    securityContext: {}
    serviceAccountName: RELEASE-NAME-spring-boot
    volumes:
      - configMap:
          name: RELEASE-NAME-spring-boot-app-config
        name: helm-application-properties
overrides run command:
  1: |
    containers:
      - command:
          - sh
          - -c
          - trap "exit 0" SIGTERM SIGINT; tail -f /dev/null & wait
        env:
          - name: SPRING_APPLICATION_NAME
            value: RELEASE-NAME
          - name: SPRING_CONFIG_ADDITIONAL_LOCATION
            value: optional:/app/config/*/
          - name: SERVER_PORT
            value: "8080"
          - name: MANAGEMENT_SERVER_PORT
            value: "8080"
        image: goatfryed/spring-boot-echo:latest
        imagePullPolicy: IfNotPresent
        name: spring-boot
        ports:
          - containerPort: 8080
            name: http
            protocol: TCP
          - containerPort: 8080
            name: http-management
            protocol: TCP
        resources: {}
        securityContext: {}
        volumeMounts:
          - mountPath: /app/config/helm-config
            name: helm-application-properties
            readOnly: true
    securityContext: {}
    serviceAccountName: RELEASE-NAME-spring-boot
    volumes:
      - configMap:
          name: RELEASE-NAME-spring-boot-app-config
        name: helm-application-properties
